Application     /storage/emulated/0/Android/data/gov.census.cspro.csentry/files/csentry/FEICOM2025/MASQUE/ENTRY/CHEFFERIE.ent
Type            ENTRY
Input Data      <<CSPro DB>> /storage/emulated/0/Android/data/gov.census.cspro.csentry/files/csentry/FEICOM2025/MASQUE/DATA/CHE1415.csdb

Date            May 10, 2025
Start Time      10:08:29
End Time        10:22:34


System messages:

  Number        Freq         Message Text                                                                               
  ------        ----         ------------                                                                               
   88889           3         ATTENTION: Hors valeurs valides! Entrer une valeur valide pour %s%s                        
   99990           3         Operator entered a value out of range                                                      

User numbered messages:

  Number        Freq    %    Message Text                                                                          Denom
  ------        ----  -----  ------------                                                                          -----
       1           3      -  Nom trop court                                                                            -


CSPro Executor Normal End
------------------------------------------------------------------------------------------------------------------------
Application     /storage/emulated/0/Android/data/gov.census.cspro.csentry/files/csentry/FEICOM2025/MASQUE/ENTRY/CHEFFERIE.ent
Type            ENTRY
Input Data      <<CSPro DB>> /storage/emulated/0/Android/data/gov.census.cspro.csentry/files/csentry/FEICOM2025/MASQUE/DATA/CHE1415.csdb

Date            May 10, 2025
Start Time      10:22:39
End Time        11:02:02


System messages:

  Number        Freq         Message Text                                                                               
  ------        ----         ------------                                                                               
   88889           4         ATTENTION: Hors valeurs valides! Entrer une valeur valide pour %s%s                        
   99990           4         Operator entered a value out of range                                                      

User numbered messages:

  Number        Freq    %    Message Text                                                                          Denom
  ------        ----  -----  ------------                                                                          -----
       1           3      -  Nom trop court                                                                            -

User unnumbered messages:

    Line        Freq    %    Message Text                                                                          Denom
    ----        ----  -----  ------------                                                                          -----
     445           1      -  Votre questionnaire a été bien enregistré                                                 -


CSPro Executor Normal End
------------------------------------------------------------------------------------------------------------------------
Application     /storage/emulated/0/Android/data/gov.census.cspro.csentry/files/csentry/FEICOM2025/MASQUE/ENTRY/CHEFFERIE.ent
Type            ENTRY
Input Data      <<CSPro DB>> /storage/emulated/0/Android/data/gov.census.cspro.csentry/files/csentry/FEICOM2025/MASQUE/DATA/CHE1415.csdb

Date            May 10, 2025
Start Time      11:02:04
End Time        11:02:04