Application     /storage/emulated/0/Android/data/gov.census.cspro.csentry/files/csentry/FEICOM2025/MASQUE/ENTRY/CHEFFERIE.ent
Type            ENTRY
Input Data      <<CSPro DB>> /storage/emulated/0/Android/data/gov.census.cspro.csentry/files/csentry/FEICOM2025/MASQUE/DATA/CHE1811.csdb

Date            May 10, 2025
Start Time      10:07:49
End Time        10:22:36


System messages:

  Number        Freq         Message Text                                                                               
  ------        ----         ------------                                                                               
   88889           2         ATTENTION: Hors valeurs valides! Entrer une valeur valide pour %s%s                        
   99990           2         Operator entered a value out of range                                                      


CSPro Executor Normal End
------------------------------------------------------------------------------------------------------------------------
Application     /storage/emulated/0/Android/data/gov.census.cspro.csentry/files/csentry/FEICOM2025/MASQUE/ENTRY/CHEFFERIE.ent
Type            ENTRY
Input Data      <<CSPro DB>> /storage/emulated/0/Android/data/gov.census.cspro.csentry/files/csentry/FEICOM2025/MASQUE/DATA/CHE1811.csdb

Date            May 10, 2025
Start Time      10:58:20
End Time        10:58:31


System messages:

  Number        Freq         Message Text                                                                               
  ------        ----         ------------                                                                               
   88889           2         ATTENTION: Hors valeurs valides! Entrer une valeur valide pour %s%s                        
   99990           2         Operator entered a value out of range                                                      


CSPro Executor Normal End
------------------------------------------------------------------------------------------------------------------------
Application     /storage/emulated/0/Android/data/gov.census.cspro.csentry/files/csentry/FEICOM2025/MASQUE/ENTRY/CHEFFERIE.ent
Type            ENTRY
Input Data      <<CSPro DB>> /storage/emulated/0/Android/data/gov.census.cspro.csentry/files/csentry/FEICOM2025/MASQUE/DATA/CHE1811.csdb

Date            May 10, 2025
Start Time      11:14:31
End Time        11:27:38


System messages:

  Number        Freq         Message Text                                                                               
  ------        ----         ------------                                                                               
   88889           1         ATTENTION: Hors valeurs valides! Entrer une valeur valide pour %s%s                        
   91176           1         Unable to 'advance to %s' - target-item is located backward in the flow {in %p}            
   99990           1         Operator entered a value out of range                                                      

User unnumbered messages:

    Line        Freq    %    Message Text                                                                          Denom
    ----        ----  -----  ------------                                                                          -----
     445           1      -  Votre questionnaire a été bien enregistré                                                 -


CSPro Executor Normal End
------------------------------------------------------------------------------------------------------------------------
