Application     /storage/emulated/0/Android/data/gov.census.cspro.csentry/files/csentry/FEICOM2025/MASQUE/ENTRY/ECMAIRE.ent
Type            ENTRY
Input Data      <<CSPro DB>> /storage/emulated/0/Android/data/gov.census.cspro.csentry/files/csentry/FEICOM2025/MASQUE/DATA/ECMA1511.csdb

Date            May 10, 2025
Start Time      11:45:16
End Time        12:01:08


System messages:

  Number        Freq         Message Text                                                                               
  ------        ----         ------------                                                                               
   88889          11         ATTENTION: Hors valeurs valides! Entrer une valeur valide pour %s%s                        
   99990          11         Operator entered a value out of range                                                      

User numbered messages:

  Number        Freq    %    Message Text                                                                          Denom
  ------        ----  -----  ------------                                                                          -----
       1           2      -  Nom trop court                                                                            -

User unnumbered messages:

    Line        Freq    %    Message Text                                                                          Denom
    ----        ----  -----  ------------                                                                          -----
     447           3      -  Votre questionnaire a été bien enregistré                                                 -


CSPro Executor Normal End
------------------------------------------------------------------------------------------------------------------------
Application     /storage/emulated/0/Android/data/gov.census.cspro.csentry/files/csentry/FEICOM2025/MASQUE/ENTRY/ECMAIRE.ent
Type            ENTRY
Input Data      <<CSPro DB>> /storage/emulated/0/Android/data/gov.census.cspro.csentry/files/csentry/FEICOM2025/MASQUE/DATA/ECMA1511.csdb

Date            May 10, 2025
Start Time      12:01:14
End Time        12:02:21


System messages:

  Number        Freq         Message Text                                                                               
  ------        ----         ------------                                                                               
   88889          11         ATTENTION: Hors valeurs valides! Entrer une valeur valide pour %s%s                        
   99990          11         Operator entered a value out of range                                                      

User numbered messages:

  Number        Freq    %    Message Text                                                                          Denom
  ------        ----  -----  ------------                                                                          -----
       1           3      -  Nom trop court                                                                            -

User unnumbered messages:

    Line        Freq    %    Message Text                                                                          Denom
    ----        ----  -----  ------------                                                                          -----
     447           5      -  Votre questionnaire a été bien enregistré                                                 -


CSPro Executor Normal End
------------------------------------------------------------------------------------------------------------------------
Application     /storage/emulated/0/Android/data/gov.census.cspro.csentry/files/csentry/FEICOM2025/MASQUE/ENTRY/ECMAIRE.ent
Type            ENTRY
Input Data      <<CSPro DB>> /storage/emulated/0/Android/data/gov.census.cspro.csentry/files/csentry/FEICOM2025/MASQUE/DATA/ECMA1511.csdb

Date            May 10, 2025
Start Time      12:03:01
End Time        12:03:01