Application     /storage/emulated/0/Android/data/gov.census.cspro.csentry/files/csentry/FEICOM2025/MASQUE/ENTRY/ENSEIGNANT.ent
Type            ENTRY
Input Data      <<CSPro DB>> /storage/emulated/0/Android/data/gov.census.cspro.csentry/files/csentry/FEICOM2025/MASQUE/DATA/ENS2011.csdb

Date            May 09, 2025
Start Time      20:58:08
End Time        09:58:00


System messages:

  Number        Freq         Message Text                                                                               
  ------        ----         ------------                                                                               
   88889           3         WARNING: Out of range! Please enter a valid value for %s%s                                 
   99990           3         Operator entered a value out of range                                                      

User numbered messages:

  Number        Freq    %    Message Text                                                                          Denom
  ------        ----  -----  ------------                                                                          -----
       1           2      -  Name too short                                                                            -
       9           5      -  Date is incorrect, please make sure your tablet has the correct date                      -

User unnumbered messages:

    Line        Freq    %    Message Text                                                                          Denom
    ----        ----  -----  ------------                                                                          -----
     437           1      -  Votre questionnaire a été bien enregistré                                                 -


CSPro Executor Normal End
------------------------------------------------------------------------------------------------------------------------
