Application     /storage/emulated/0/Android/data/gov.census.cspro.csentry/files/csentry/FEICOM2025/MASQUE/ENTRY/MAIRE.ent
Type            ENTRY
Input Data      <<CSPro DB>> /storage/emulated/0/Android/data/gov.census.cspro.csentry/files/csentry/FEICOM2025/MASQUE/DATA/MA1113.csdb

Date            May 10, 2025
Start Time      11:34:40
End Time        11:38:28


System messages:

  Number        Freq         Message Text                                                                               
  ------        ----         ------------                                                                               
   91176           1         Unable to 'advance to %s' - target-item is located backward in the flow {in %p}            

User unnumbered messages:

    Line        Freq    %    Message Text                                                                          Denom
    ----        ----  -----  ------------                                                                          -----
     240           1      -  Votre questionnaire a été bien enregistré                                                 -


CSPro Executor Normal End
------------------------------------------------------------------------------------------------------------------------
