Application     /storage/emulated/0/Android/data/gov.census.cspro.csentry/files/csentry/FEICOM2025/MASQUE/ENTRY/MAIRE.ent
Type            ENTRY
Input Data      <<CSPro DB>> /storage/emulated/0/Android/data/gov.census.cspro.csentry/files/csentry/FEICOM2025/MASQUE/DATA/MA1211.csdb

Date            May 10, 2025
Start Time      09:59:00
End Time        09:59:00


***  has 1 message (0 E / 0 W / 0 U)
    A    1010 Application error: protected field MS00Q08 is out of range - value is  NOTAPPL


CSPro Executor Normal End
------------------------------------------------------------------------------------------------------------------------
Application     /storage/emulated/0/Android/data/gov.census.cspro.csentry/files/csentry/FEICOM2025/MASQUE/ENTRY/MAIRE.ent
Type            ENTRY
Input Data      <<CSPro DB>> /storage/emulated/0/Android/data/gov.census.cspro.csentry/files/csentry/FEICOM2025/MASQUE/DATA/MA1211.csdb

Date            May 10, 2025
Start Time      09:59:08
End Time        09:59:08


***  has 1 message (0 E / 0 W / 0 U)
    A    1010 Application error: protected field MS00Q08 is out of range - value is  NOTAPPL


CSPro Executor Normal End
------------------------------------------------------------------------------------------------------------------------
Application     /storage/emulated/0/Android/data/gov.census.cspro.csentry/files/csentry/FEICOM2025/MASQUE/ENTRY/MAIRE.ent
Type            ENTRY
Input Data      <<CSPro DB>> /storage/emulated/0/Android/data/gov.census.cspro.csentry/files/csentry/FEICOM2025/MASQUE/DATA/MA1211.csdb

Date            May 10, 2025
Start Time      09:59:12
End Time        09:59:12


***  has 1 message (0 E / 0 W / 0 U)
    A    1010 Application error: protected field MS00Q08 is out of range - value is  NOTAPPL


CSPro Executor Normal End
------------------------------------------------------------------------------------------------------------------------
Application     /storage/emulated/0/Android/data/gov.census.cspro.csentry/files/csentry/FEICOM2025/MASQUE/ENTRY/MAIRE.ent
Type            ENTRY
Input Data      <<CSPro DB>> /storage/emulated/0/Android/data/gov.census.cspro.csentry/files/csentry/FEICOM2025/MASQUE/DATA/MA1211.csdb

Date            May 10, 2025
Start Time      09:59:15
End Time        09:59:15


***  has 1 message (0 E / 0 W / 0 U)
    A    1010 Application error: protected field MS00Q08 is out of range - value is  NOTAPPL


CSPro Executor Normal End
------------------------------------------------------------------------------------------------------------------------
Application     /storage/emulated/0/Android/data/gov.census.cspro.csentry/files/csentry/FEICOM2025/MASQUE/ENTRY/MAIRE.ent
Type            ENTRY
Input Data      <<CSPro DB>> /storage/emulated/0/Android/data/gov.census.cspro.csentry/files/csentry/FEICOM2025/MASQUE/DATA/MA1211.csdb

Date            May 10, 2025
Start Time      09:59:24
End Time        09:59:24


***  has 1 message (0 E / 0 W / 0 U)
    A    1010 Application error: protected field MS00Q08 is out of range - value is  NOTAPPL


CSPro Executor Normal End
------------------------------------------------------------------------------------------------------------------------
Application     /storage/emulated/0/Android/data/gov.census.cspro.csentry/files/csentry/FEICOM2025/MASQUE/ENTRY/MAIRE.ent
Type            ENTRY
Input Data      <<CSPro DB>> /storage/emulated/0/Android/data/gov.census.cspro.csentry/files/csentry/FEICOM2025/MASQUE/DATA/MA1211.csdb

Date            May 10, 2025
Start Time      10:00:10
End Time        10:00:11


***  has 1 message (0 E / 0 W / 0 U)
    A    1010 Application error: protected field MS00Q08 is out of range - value is  NOTAPPL


CSPro Executor Normal End
------------------------------------------------------------------------------------------------------------------------
Application     /storage/emulated/0/Android/data/gov.census.cspro.csentry/files/csentry/FEICOM2025/MASQUE/ENTRY/MAIRE.ent
Type            ENTRY
Input Data      <<CSPro DB>> /storage/emulated/0/Android/data/gov.census.cspro.csentry/files/csentry/FEICOM2025/MASQUE/DATA/MA1211.csdb

Date            May 10, 2025
Start Time      10:00:13
End Time        10:00:13


***  has 1 message (0 E / 0 W / 0 U)
    A    1010 Application error: protected field MS00Q08 is out of range - value is  NOTAPPL


CSPro Executor Normal End
------------------------------------------------------------------------------------------------------------------------
Application     /storage/emulated/0/Android/data/gov.census.cspro.csentry/files/csentry/FEICOM2025/MASQUE/ENTRY/MAIRE.ent
Type            ENTRY
Input Data      <<CSPro DB>> /storage/emulated/0/Android/data/gov.census.cspro.csentry/files/csentry/FEICOM2025/MASQUE/DATA/MA1211.csdb

Date            May 10, 2025
Start Time      11:34:49
End Time        11:40:11


User unnumbered messages:

    Line        Freq    %    Message Text                                                                          Denom
    ----        ----  -----  ------------                                                                          -----
     240           1      -  Votre questionnaire a été bien enregistré                                                 -


CSPro Executor Normal End
------------------------------------------------------------------------------------------------------------------------
