Application     /storage/emulated/0/Android/data/gov.census.cspro.csentry/files/csentry/FEICOM2025/MASQUE/ENTRY/MAIRE.ent
Type            ENTRY
Input Data      <<CSPro DB>> /storage/emulated/0/Android/data/gov.census.cspro.csentry/files/csentry/FEICOM2025/MASQUE/DATA/MA1311.csdb

Date            May 10, 2025
Start Time      10:01:10
End Time        10:01:11


***  has 1 message (0 E / 0 W / 0 U)
    A    1010 Application error: protected field MS00Q08 is out of range - value is  NOTAPPL


CSPro Executor Normal End
------------------------------------------------------------------------------------------------------------------------
Application     /storage/emulated/0/Android/data/gov.census.cspro.csentry/files/csentry/FEICOM2025/MASQUE/ENTRY/MAIRE.ent
Type            ENTRY
Input Data      <<CSPro DB>> /storage/emulated/0/Android/data/gov.census.cspro.csentry/files/csentry/FEICOM2025/MASQUE/DATA/MA1311.csdb

Date            May 10, 2025
Start Time      10:01:18
End Time        10:01:19


***  has 1 message (0 E / 0 W / 0 U)
    A    1010 Application error: protected field MS00Q08 is out of range - value is  NOTAPPL


CSPro Executor Normal End
------------------------------------------------------------------------------------------------------------------------
Application     /storage/emulated/0/Android/data/gov.census.cspro.csentry/files/csentry/FEICOM2025/MASQUE/ENTRY/MAIRE.ent
Type            ENTRY
Input Data      <<CSPro DB>> /storage/emulated/0/Android/data/gov.census.cspro.csentry/files/csentry/FEICOM2025/MASQUE/DATA/MA1311.csdb

Date            May 10, 2025
Start Time      10:01:22
End Time        10:01:22


***  has 1 message (0 E / 0 W / 0 U)
    A    1010 Application error: protected field MS00Q08 is out of range - value is  NOTAPPL


CSPro Executor Normal End
------------------------------------------------------------------------------------------------------------------------
Application     /storage/emulated/0/Android/data/gov.census.cspro.csentry/files/csentry/FEICOM2025/MASQUE/ENTRY/MAIRE.ent
Type            ENTRY
Input Data      <<CSPro DB>> /storage/emulated/0/Android/data/gov.census.cspro.csentry/files/csentry/FEICOM2025/MASQUE/DATA/MA1311.csdb

Date            May 10, 2025
Start Time      11:35:23
End Time        11:41:34


User numbered messages:

  Number        Freq    %    Message Text                                                                          Denom
  ------        ----  -----  ------------                                                                          -----
       2           1      -  Le numéro de téléphone %d n'est pas correct                                               -

User unnumbered messages:

    Line        Freq    %    Message Text                                                                          Denom
    ----        ----  -----  ------------                                                                          -----
     240           1      -  Votre questionnaire a été bien enregistré                                                 -


CSPro Executor Normal End
------------------------------------------------------------------------------------------------------------------------
