Application     /storage/emulated/0/Android/data/gov.census.cspro.csentry/files/csentry/FEICOM2025/MASQUE/ENTRY/MAIRE.ent
Type            ENTRY
Input Data      <<CSPro DB>> /storage/emulated/0/Android/data/gov.census.cspro.csentry/files/csentry/FEICOM2025/MASQUE/DATA/MA1414.csdb

Date            May 10, 2025
Start Time      09:59:22
End Time        09:59:22


***  has 1 message (0 E / 0 W / 0 U)
    A    1010 Application error: protected field MS00Q08 is out of range - value is  NOTAPPL


CSPro Executor Normal End
------------------------------------------------------------------------------------------------------------------------
Application     /storage/emulated/0/Android/data/gov.census.cspro.csentry/files/csentry/FEICOM2025/MASQUE/ENTRY/MAIRE.ent
Type            ENTRY
Input Data      <<CSPro DB>> /storage/emulated/0/Android/data/gov.census.cspro.csentry/files/csentry/FEICOM2025/MASQUE/DATA/MA1414.csdb

Date            May 10, 2025
Start Time      10:01:27
End Time        10:01:28


***  has 1 message (0 E / 0 W / 0 U)
    A    1010 Application error: protected field MS00Q08 is out of range - value is  NOTAPPL


CSPro Executor Normal End
------------------------------------------------------------------------------------------------------------------------
Application     /storage/emulated/0/Android/data/gov.census.cspro.csentry/files/csentry/FEICOM2025/MASQUE/ENTRY/MAIRE.ent
Type            ENTRY
Input Data      <<CSPro DB>> /storage/emulated/0/Android/data/gov.census.cspro.csentry/files/csentry/FEICOM2025/MASQUE/DATA/MA1414.csdb

Date            May 10, 2025
Start Time      10:01:32
End Time        10:01:32


***  has 1 message (0 E / 0 W / 0 U)
    A    1010 Application error: protected field MS00Q08 is out of range - value is  NOTAPPL


CSPro Executor Normal End
------------------------------------------------------------------------------------------------------------------------
Application     /storage/emulated/0/Android/data/gov.census.cspro.csentry/files/csentry/FEICOM2025/MASQUE/ENTRY/MAIRE.ent
Type            ENTRY
Input Data      <<CSPro DB>> /storage/emulated/0/Android/data/gov.census.cspro.csentry/files/csentry/FEICOM2025/MASQUE/DATA/MA1414.csdb

Date            May 10, 2025
Start Time      11:36:50
End Time        11:41:52


System messages:

  Number        Freq         Message Text                                                                               
  ------        ----         ------------                                                                               
   88889           1         ATTENTION: Hors valeurs valides! Entrer une valeur valide pour %s%s                        
   99990           1         Operator entered a value out of range                                                      

User unnumbered messages:

    Line        Freq    %    Message Text                                                                          Denom
    ----        ----  -----  ------------                                                                          -----
     240           1      -  Votre questionnaire a été bien enregistré                                                 -


CSPro Executor Normal End
------------------------------------------------------------------------------------------------------------------------
Application     /storage/emulated/0/Android/data/gov.census.cspro.csentry/files/csentry/FEICOM2025/MASQUE/ENTRY/MAIRE.ent
Type            ENTRY
Input Data      <<CSPro DB>> /storage/emulated/0/Android/data/gov.census.cspro.csentry/files/csentry/FEICOM2025/MASQUE/DATA/MA1414.csdb

Date            May 10, 2025
Start Time      11:41:54
End Time        11:44:26


System messages:

  Number        Freq         Message Text                                                                               
  ------        ----         ------------                                                                               
   88889           1         ATTENTION: Hors valeurs valides! Entrer une valeur valide pour %s%s                        
   99990           1         Operator entered a value out of range                                                      

User unnumbered messages:

    Line        Freq    %    Message Text                                                                          Denom
    ----        ----  -----  ------------                                                                          -----
     240           2      -  Votre questionnaire a été bien enregistré                                                 -


CSPro Executor Normal End
------------------------------------------------------------------------------------------------------------------------
