Application     /storage/emulated/0/Android/data/gov.census.cspro.csentry/files/csentry/FEICOM2025/MASQUE/ENTRY/MAIRE.ent
Type            ENTRY
Input Data      <<CSPro DB>> /storage/emulated/0/Android/data/gov.census.cspro.csentry/files/csentry/FEICOM2025/MASQUE/DATA/MA1811.csdb

Date            May 10, 2025
Start Time      09:59:03
End Time        09:59:03


***  has 1 message (0 E / 0 W / 0 U)
    A    1010 Application error: protected field MS00Q08 is out of range - value is  NOTAPPL


CSPro Executor Normal End
------------------------------------------------------------------------------------------------------------------------
Application     /storage/emulated/0/Android/data/gov.census.cspro.csentry/files/csentry/FEICOM2025/MASQUE/ENTRY/MAIRE.ent
Type            ENTRY
Input Data      <<CSPro DB>> /storage/emulated/0/Android/data/gov.census.cspro.csentry/files/csentry/FEICOM2025/MASQUE/DATA/MA1811.csdb

Date            May 10, 2025
Start Time      10:00:02
End Time        10:00:03


***  has 1 message (0 E / 0 W / 0 U)
    A    1010 Application error: protected field MS00Q08 is out of range - value is  NOTAPPL


CSPro Executor Normal End
------------------------------------------------------------------------------------------------------------------------
Application     /storage/emulated/0/Android/data/gov.census.cspro.csentry/files/csentry/FEICOM2025/MASQUE/ENTRY/MAIRE.ent
Type            ENTRY
Input Data      <<CSPro DB>> /storage/emulated/0/Android/data/gov.census.cspro.csentry/files/csentry/FEICOM2025/MASQUE/DATA/MA1811.csdb

Date            May 10, 2025
Start Time      10:00:12
End Time        10:00:12


***  has 1 message (0 E / 0 W / 0 U)
    A    1010 Application error: protected field MS00Q08 is out of range - value is  NOTAPPL


CSPro Executor Normal End
------------------------------------------------------------------------------------------------------------------------
Application     /storage/emulated/0/Android/data/gov.census.cspro.csentry/files/csentry/FEICOM2025/MASQUE/ENTRY/MAIRE.ent
Type            ENTRY
Input Data      <<CSPro DB>> /storage/emulated/0/Android/data/gov.census.cspro.csentry/files/csentry/FEICOM2025/MASQUE/DATA/MA1811.csdb

Date            May 10, 2025
Start Time      10:00:16
End Time        10:00:16


***  has 1 message (0 E / 0 W / 0 U)
    A    1010 Application error: protected field MS00Q08 is out of range - value is  NOTAPPL


CSPro Executor Normal End
------------------------------------------------------------------------------------------------------------------------
Application     /storage/emulated/0/Android/data/gov.census.cspro.csentry/files/csentry/FEICOM2025/MASQUE/ENTRY/MAIRE.ent
Type            ENTRY
Input Data      <<CSPro DB>> /storage/emulated/0/Android/data/gov.census.cspro.csentry/files/csentry/FEICOM2025/MASQUE/DATA/MA1811.csdb

Date            May 10, 2025
Start Time      11:34:28
End Time        11:39:55


User unnumbered messages:

    Line        Freq    %    Message Text                                                                          Denom
    ----        ----  -----  ------------                                                                          -----
     240           1      -  Votre questionnaire a été bien enregistré                                                 -


CSPro Executor Normal End
------------------------------------------------------------------------------------------------------------------------
