Application     /storage/emulated/0/Android/data/gov.census.cspro.csentry/files/csentry/ARSEL2025/MASQUE/ENTRY/ENEO_MT.ent
Type            ENTRY
Input Data      <<CSPro DB>> /storage/emulated/0/Android/data/gov.census.cspro.csentry/files/csentry/ARSEL2025/MASQUE/DATA/MT1117.csdb

Date            May 07, 2025
Start Time      10:37:32
End Time        11:00:19


System messages:

  Number        Freq         Message Text                                                                               
  ------        ----         ------------                                                                               
   88889           2         ATTENTION: Hors valeurs valides! Entrer une valeur valide pour %s%s                        
   99990           2         Operator entered a value out of range                                                      

User unnumbered messages:

    Line        Freq    %    Message Text                                                                          Denom
    ----        ----  -----  ------------                                                                          -----
     290           2      -  Votre questionnaire MT a été bien enregistré                                              -


CSPro Executor Normal End
------------------------------------------------------------------------------------------------------------------------
Application     /storage/emulated/0/Android/data/gov.census.cspro.csentry/files/csentry/ARSEL2025/MASQUE/ENTRY/ENEO_MT.ent
Type            ENTRY
Input Data      <<CSPro DB>> /storage/emulated/0/Android/data/gov.census.cspro.csentry/files/csentry/ARSEL2025/MASQUE/DATA/MT1117.csdb

Date            May 07, 2025
Start Time      11:00:36
End Time        11:01:01


System messages:

  Number        Freq         Message Text                                                                               
  ------        ----         ------------                                                                               
   88889           2         ATTENTION: Hors valeurs valides! Entrer une valeur valide pour %s%s                        
   99990           2         Operator entered a value out of range                                                      

User unnumbered messages:

    Line        Freq    %    Message Text                                                                          Denom
    ----        ----  -----  ------------                                                                          -----
     290           3      -  Votre questionnaire MT a été bien enregistré                                              -


CSPro Executor Normal End
------------------------------------------------------------------------------------------------------------------------
Application     /storage/emulated/0/Android/data/gov.census.cspro.csentry/files/csentry/ARSEL2025/MASQUE/ENTRY/ENEO_MT.ent
Type            ENTRY
Input Data      <<CSPro DB>> /storage/emulated/0/Android/data/gov.census.cspro.csentry/files/csentry/ARSEL2025/MASQUE/DATA/MT1117.csdb

Date            May 07, 2025
Start Time      11:01:04
End Time        11:02:22


System messages:

  Number        Freq         Message Text                                                                               
  ------        ----         ------------                                                                               
   88889           2         ATTENTION: Hors valeurs valides! Entrer une valeur valide pour %s%s                        
   99990           2         Operator entered a value out of range                                                      

User unnumbered messages:

    Line        Freq    %    Message Text                                                                          Denom
    ----        ----  -----  ------------                                                                          -----
     290           4      -  Votre questionnaire MT a été bien enregistré                                              -


CSPro Executor Normal End
------------------------------------------------------------------------------------------------------------------------
